.....................F.................................................. [ 72%]
.......................FF.F                                              [100%]
================================== FAILURES ===================================
______________________ test_phase_2_prophet_vs_fallback _______________________
venv\Lib\site-packages\redis\connection.py:276: in connect
    sock = self.retry.call_with_retry(
venv\Lib\site-packages\redis\retry.py:46: in call_with_retry
    return do()
           ^^^^
venv\Lib\site-packages\redis\connection.py:277: in <lambda>
    lambda: self._connect(), lambda error: self.disconnect(error)
            ^^^^^^^^^^^^^^^
venv\Lib\site-packages\redis\connection.py:607: in _connect
    for res in socket.getaddrinfo(
C:\Users\avian\AppData\Local\Programs\Python\Python311\Lib\socket.py:961: in getaddrinfo
    for res in _socket.getaddrinfo(host, port, family, type, proto, flags):
               ^^^^^^^^^^^^^^^^^^^^^^^^^^^^^^^^^^^^^^^^^^^^^^^^^^^^^^^^^^^
E   socket.gaierror: [Errno 11001] getaddrinfo failed

During handling of the above exception, another exception occurred:
tests\test_audit.py:72: in test_phase_2_prophet_vs_fallback
    forecast_store(test_store.store_id)
venv\Lib\site-packages\celery\local.py:182: in __call__
    return self._get_current_object()(*a, **kw)
           ^^^^^^^^^^^^^^^^^^^^^^^^^^^^^^^^^^^^
venv\Lib\site-packages\celery\app\task.py:411: in __call__
    return self.run(*args, **kwargs)
           ^^^^^^^^^^^^^^^^^^^^^^^^^
venv\Lib\site-packages\celery\app\autoretry.py:60: in run
    ret = task.retry(exc=exc, **retry_kwargs)
          ^^^^^^^^^^^^^^^^^^^^^^^^^^^^^^^^^^^
venv\Lib\site-packages\celery\app\task.py:720: in retry
    raise_with_context(exc or Retry('Task can be retried', None))
venv\Lib\site-packages\celery\app\autoretry.py:38: in run
    return task._orig_run(*args, **kwargs)
           ^^^^^^^^^^^^^^^^^^^^^^^^^^^^^^^
app\tasks\tasks.py:406: in forecast_store
    with _RedisLock(lock_key, ttl=1800) as acquired:
app\tasks\tasks.py:32: in __enter__
    self.acquired = bool(self._r.set(self._key, '1', nx=True, ex=self._ttl))
                         ^^^^^^^^^^^^^^^^^^^^^^^^^^^^^^^^^^^^^^^^^^^^^^^^^^
venv\Lib\site-packages\redis\commands\core.py:2342: in set
    return self.execute_command("SET", *pieces, **options)
           ^^^^^^^^^^^^^^^^^^^^^^^^^^^^^^^^^^^^^^^^^^^^^^^
venv\Lib\site-packages\redis\client.py:542: in execute_command
    conn = self.connection or pool.get_connection(command_name, **options)
                              ^^^^^^^^^^^^^^^^^^^^^^^^^^^^^^^^^^^^^^^^^^^^
venv\Lib\site-packages\redis\connection.py:1109: in get_connection
    connection.connect()
venv\Lib\site-packages\redis\connection.py:282: in connect
    raise ConnectionError(self._error_message(e))
E   redis.exceptions.ConnectionError: Error 11001 connecting to redis:6379. getaddrinfo failed.
______________________________ test_single_sale _______________________________
tests\test_transactions.py:111: in test_single_sale
    assert resp.status_code == 201
E   assert 500 == 201
E    +  where 500 = <WrapperTestResponse streamed [500 INTERNAL SERVER ERROR]>.status_code
------------------------------ Captured log call ------------------------------
WARNING  kombu.connection:connection.py:671 No hostname was supplied. Reverting to default 'localhost'
____________________________ test_batch_idempotent ____________________________
tests\test_transactions.py:147: in test_batch_idempotent
    assert resp.json['data']['accepted'] == 2
E   assert 0 == 2
___________________________ test_return_transaction ___________________________
tests\test_transactions.py:211: in test_return_transaction
    assert float(prod1.current_stock) == 40.0
E   AssertionError: assert 50.0 == 40.0
E    +  where 50.0 = float(Decimal('50.000'))
E    +    where Decimal('50.000') = <app.models.Product object at 0x000001D0FF1E4690>.current_stock
============================== warnings summary ===============================
app\auth\schemas.py:31
  D:\Files\Desktop\TyProject\Backend\app\auth\schemas.py:31: RemovedInMarshmallow4Warning: The 'default' argument to fields is deprecated. Use 'dump_default' instead.
    role = fields.String(required=False, validate=validate.OneOf(['staff']), default='staff')

tests/test_analytics.py: 20 warnings
tests/test_audit.py: 2 warnings
tests/test_customers.py: 20 warnings
tests/test_forecasting.py: 9 warnings
tests/test_inventory.py: 19 warnings
tests/test_store.py: 10 warnings
tests/test_tasks.py: 1 warning
  D:\Files\Desktop\TyProject\Backend\tests\conftest.py:79: SAWarning: Can't sort tables for DROP; an unresolvable foreign key dependency exists between tables: stores, users; and backend does not support ALTER.  To restore at least a partial sort, apply use_alter=True to ForeignKey and ForeignKeyConstraint objects involved in the cycle to mark these as known cycles that will be ignored.
    Base.metadata.drop_all(_db.engine)

tests/test_forecasting.py::TestRegimeDetection::test_stable_regime
  D:\Files\Desktop\TyProject\Backend\venv\Lib\site-packages\statsmodels\tsa\stattools.py:693: RuntimeWarning: invalid value encountered in divide
    acf = avf[: nlags + 1] / avf[0]

tests/test_transactions.py::test_single_sale
tests/test_transactions.py::test_batch_idempotent
tests/test_transactions.py::test_staff_date_restriction
tests/test_transactions.py::test_return_transaction
  D:\Files\Desktop\TyProject\Backend\tests\test_transactions.py:51: SAWarning: Can't sort tables for DROP; an unresolvable foreign key dependency exists between tables: stores, users; and backend does not support ALTER.  To restore at least a partial sort, apply use_alter=True to ForeignKey and ForeignKeyConstraint objects involved in the cycle to mark these as known cycles that will be ignored.
    Base.metadata.drop_all(db.engine)

-- Docs: https://docs.pytest.org/en/stable/how-to/capture-warnings.html
=========================== short test summary info ===========================
FAILED tests/test_audit.py::test_phase_2_prophet_vs_fallback - redis.exceptio...
FAILED tests/test_transactions.py::test_single_sale - assert 500 == 201
FAILED tests/test_transactions.py::test_batch_idempotent - assert 0 == 2
FAILED tests/test_transactions.py::test_return_transaction - AssertionError: ...
4 failed, 95 passed, 87 warnings in 147.61s (0:02:27)
